Unbound Proto:
Error engine: attempted to determine schema of table that has not been bound to a catalog yet

Bound Root Schema:
schema:
  fields: 3
    - col1: type=bool
    - col2: type=utf8
    - col3: type=int64

Bound Proto:
{
 "version": {},
 "relations": [
  {
   "root": {
    "input": {
     "filter": {
      "input": {
       "read": {
        "base_schema": {
         "names": [
          "col1",
          "col2",
          "col3"
         ],
         "struct": {
          "types": [
           {
            "bool": {
             "nullability": "NULLABILITY_REQUIRED"
            }
           },
           {
            "string": {
             "nullability": "NULLABILITY_REQUIRED"
            }
           },
           {
            "i64": {
             "nullability": "NULLABILITY_REQUIRED"
            }
           }
          ],
          "nullability": "NULLABILITY_REQUIRED"
         }
        },
        "named_table": {
         "names": [
          "test_db",
          "main",
          "table1"
         ]
        }
       }
      },
      "condition": {
       "selection": {
        "direct_reference": {
         "struct_field": {
          "field": 1
         }
        }
       }
      }
     }
    },
    "names": [
     "col1",
     "col2",
     "col3"
    ]
   }
  }
 ]
}