Root Schema:
NSTRUCT<col1: boolean, col2: string, col3: i64, col4: decimal<38,8>, col5: date>

Proto:
{
 "version": {},
 "relations": [
  {
   "root": {
    "input": {
     "read": {
      "base_schema": {
       "names": [
        "col1",
        "col2",
        "col3",
        "col4",
        "col5"
       ],
       "struct": {
        "types": [
         {
          "bool": {
           "nullability": "NULLABILITY_REQUIRED"
          }
         },
         {
          "string": {
           "nullability": "NULLABILITY_REQUIRED"
          }
         },
         {
          "i64": {
           "nullability": "NULLABILITY_REQUIRED"
          }
         },
         {
          "decimal": {
           "scale": 8,
           "precision": 38,
           "nullability": "NULLABILITY_REQUIRED"
          }
         },
         {
          "date": {
           "nullability": "NULLABILITY_REQUIRED"
          }
         }
        ],
        "nullability": "NULLABILITY_REQUIRED"
       }
      },
      "named_table": {
       "names": [
        "test_db",
        "main",
        "table1"
       ]
      }
     }
    },
    "names": [
     "col1",
     "col2",
     "col3",
     "col4",
     "col5"
    ]
   }
  }
 ]
}