SQL Query:

SELECT 1 + 2 + 3

Substrait Plan:

{
 "version": {},
 "extension_uris": [
  {
   "extension_uri_anchor": 1,
   "uri": "https://github.com/substrait-io/substrait/blob/main/extensions/functions_arithmetic.yaml"
  }
 ],
 "extensions": [
  {
   "extension_function": {
    "extension_uri_reference": 1,
    "function_anchor": 1,
    "name": "add:i64_i64"
   }
  }
 ],
 "relations": [
  {
   "root": {
    "input": {
     "project": {
      "input": {
       "read": {
        "virtual_table": {}
       }
      },
      "expressions": [
       {
        "scalar_function": {
         "function_reference": 1,
         "arguments": [
          {
           "value": {
            "scalar_function": {
             "function_reference": 1,
             "arguments": [
              {
               "value": {
                "literal": {
                 "i64": "1"
                }
               }
              },
              {
               "value": {
                "literal": {
                 "i64": "2"
                }
               }
              }
             ],
             "output_type": {
              "i64": {
               "nullability": "NULLABILITY_REQUIRED"
              }
             }
            }
           }
          },
          {
           "value": {
            "literal": {
             "i64": "3"
            }
           }
          }
         ],
         "output_type": {
          "i64": {
           "nullability": "NULLABILITY_REQUIRED"
          }
         }
        }
       }
      ]
     }
    },
    "names": [
     "add(add(1::i64, 2::i64), 3::i64)"
    ]
   }
  }
 ]
}
