SQL Query:

SELECT col1, col2 FROM (SELECT col1, col2 FROM test_db.main.table1 WHERE col1)

Substrait Plan:

{
 "version": {},
 "relations": [
  {
   "root": {
    "input": {
     "project": {
      "input": {
       "project": {
        "input": {
         "filter": {
          "input": {
           "read": {
            "base_schema": {
             "names": [
              "col1",
              "col2",
              "col3",
              "col4",
              "col5"
             ],
             "struct": {
              "types": [
               {
                "bool": {
                 "nullability": "NULLABILITY_REQUIRED"
                }
               },
               {
                "string": {
                 "nullability": "NULLABILITY_REQUIRED"
                }
               },
               {
                "i64": {
                 "nullability": "NULLABILITY_REQUIRED"
                }
               },
               {
                "decimal": {
                 "scale": 8,
                 "precision": 38
                }
               },
               {
                "date": {
                 "nullability": "NULLABILITY_REQUIRED"
                }
               }
              ],
              "nullability": "NULLABILITY_REQUIRED"
             }
            },
            "named_table": {
             "names": [
              "test_db",
              "main",
              "table1"
             ]
            }
           }
          },
          "condition": {
           "selection": {
            "direct_reference": {
             "struct_field": {}
            }
           }
          }
         }
        },
        "expressions": [
         {
          "selection": {
           "direct_reference": {
            "struct_field": {}
           }
          }
         },
         {
          "selection": {
           "direct_reference": {
            "struct_field": {
             "field": 1
            }
           }
          }
         }
        ]
       }
      },
      "expressions": [
       {
        "selection": {
         "direct_reference": {
          "struct_field": {}
         }
        }
       },
       {
        "selection": {
         "direct_reference": {
          "struct_field": {
           "field": 1
          }
         }
        }
       }
      ]
     }
    },
    "names": [
     "col1",
     "col2"
    ]
   }
  }
 ]
}
